[2025-09-30 10:43:18] Received POST: {"table":"customers","id":"14","firstName":"l","lastName":"ldsakdjlfk","email":"lskdjflk@gmail.com","phone":"97324","total_spent":"2974.00"}
[2025-09-30 10:43:18] Prepared SQL: UPDATE `customers` SET `firstName` = ?, `lastName` = ?, `email` = ?, `phone` = ?, `total_spent` = ? WHERE `id` = ? Params: ["l","ldsakdjlfk","lskdjflk@gmail.com","97324","2974.00","14"]
[2025-09-30 10:43:18] Execute OK. Affected rows: 1
[2025-09-30 10:43:44] Received POST: {"table":"customers","id":"14","firstName":"l","lastName":"ld","email":"lskdjflk@gmail.com","phone":"97324","total_spent":"2974.00"}
[2025-09-30 10:43:44] Prepared SQL: UPDATE `customers` SET `firstName` = ?, `lastName` = ?, `email` = ?, `phone` = ?, `total_spent` = ? WHERE `id` = ? Params: ["l","ld","lskdjflk@gmail.com","97324","2974.00","14"]
[2025-09-30 10:43:44] Execute OK. Affected rows: 1
[2025-09-30 10:47:29] Received POST: {"table":"customers","id":"14","firstName":"leslkdsjf","lastName":"lskdfjlsdf","email":"lskdjflk@gmail.com","phone":"97324","total_spent":"2974.00"}
[2025-09-30 10:47:29] Prepared SQL: UPDATE `customers` SET `firstName` = ?, `lastName` = ?, `email` = ?, `phone` = ?, `total_spent` = ? WHERE `id` = ? Params: ["leslkdsjf","lskdfjlsdf","lskdjflk@gmail.com","97324","2974.00","14"]
[2025-09-30 10:47:29] Execute OK. Affected rows: 1
[2025-09-30 10:55:39] Received POST: {"table":"customers","id":"14","firstName":"l","lastName":"lskdfjlsdf","email":"lskdjflk@gmail.com","phone":"97324","total_spent":"2974.00"}
[2025-09-30 10:55:39] Prepared SQL: UPDATE `customers` SET `firstName` = ?, `lastName` = ?, `email` = ?, `phone` = ?, `total_spent` = ? WHERE `id` = ? Params: ["l","lskdfjlsdf","lskdjflk@gmail.com","97324","2974.00","14"]
[2025-09-30 10:55:39] Execute OK. Affected rows: 1
[2025-09-30 10:59:26] Received POST: {"table":"customers","id":"14","firstName":"l","lastName":"lskdfjlsdf","email":"lskdjflk@gmail.com","phone":"97324","total_spent":"2974.00"}
[2025-09-30 10:59:26] Prepared SQL: UPDATE `customers` SET `firstName` = ?, `lastName` = ?, `email` = ?, `phone` = ?, `total_spent` = ? WHERE `id` = ? Params: ["l","lskdfjlsdf","lskdjflk@gmail.com","97324","2974.00","14"]
[2025-09-30 10:59:26] Execute OK. Affected rows: 0
[2025-09-30 11:03:58] Received POST: {"table":"sales","id":"10","item_name":"ghfhg","price":"$54.00","quantity":"7656","discount":"65.00%"}
[2025-09-30 11:03:58] Prepared SQL: UPDATE `sales` SET `item_name` = ?, `price` = ?, `quantity` = ?, `discount` = ? WHERE `item_id` = ? Params: ["ghfhg","$54.00","7656","65.00%","10"]
[2025-09-30 11:03:59] Execute OK. Affected rows: 1
[2025-09-30 17:49:18] Received POST: {"table":"customers","id":"14","firstName":"l","lastName":"lskdfjls","email":"lskdjflk@gmail.com","phone":"97324","total_spent":"2974.00"}
[2025-09-30 17:49:18] Prepared SQL: UPDATE `customers` SET `firstName` = ?, `lastName` = ?, `email` = ?, `phone` = ?, `total_spent` = ? WHERE `id` = ? Params: ["l","lskdfjls","lskdjflk@gmail.com","97324","2974.00","14"]
[2025-09-30 17:49:18] Execute OK. Affected rows: 1
[2025-09-30 17:59:41] Received POST: {"table":"customers","id":"14","firstName":"l","lastName":"lskdfjls","email":"lskdjflk@gmail.co","phone":"97324","total_spent":"2974.00"}
[2025-09-30 17:59:41] Prepared SQL: UPDATE `customers` SET `firstName` = ?, `lastName` = ?, `email` = ?, `phone` = ?, `total_spent` = ? WHERE `id` = ? Params: ["l","lskdfjls","lskdjflk@gmail.co","97324","2974.00","14"]
[2025-09-30 17:59:41] Execute OK. Affected rows: 1
[2025-09-30 18:03:20] Received POST: {"table":"customers","id":"14","firstName":"l","lastName":"lskdfj","email":"lskdjflk@gmail.co","phone":"97324","total_spent":"2974.00"}
[2025-09-30 18:03:20] Prepared SQL: UPDATE `customers` SET `firstName` = ?, `lastName` = ?, `email` = ?, `phone` = ?, `total_spent` = ? WHERE `id` = ? Params: ["l","lskdfj","lskdjflk@gmail.co","97324","2974.00","14"]
[2025-09-30 18:03:20] Execute OK. Affected rows: 1
[2025-09-30 18:03:31] Received POST: {"table":"customers","id":"14","firstName":"l","lastName":"lskdfj","email":"lskdjflk@gmail.com","phone":"97324","total_spent":"2974.00"}
[2025-09-30 18:03:31] Prepared SQL: UPDATE `customers` SET `firstName` = ?, `lastName` = ?, `email` = ?, `phone` = ?, `total_spent` = ? WHERE `id` = ? Params: ["l","lskdfj","lskdjflk@gmail.com","97324","2974.00","14"]
[2025-09-30 18:03:31] Execute OK. Affected rows: 1
[2025-09-30 18:03:46] Received POST: {"table":"items","id":"98734","name":"sdfj","category":"lskfjglifd","wholesale_price":"8764.00000","retail_price":"76.00000","quantity":"876"}
[2025-09-30 18:03:46] Prepared SQL: UPDATE `items` SET `name` = ?, `category` = ?, `wholesale_price` = ?, `retail_price` = ?, `quantity` = ? WHERE `item_id` = ? Params: ["sdfj","lskfjglifd","8764.00000","76.00000","876","98734"]
[2025-09-30 18:03:46] Execute OK. Affected rows: 1
[2025-09-30 18:04:20] Received POST: {"table":"suppliers","id":"10","company_name":"lskdjfij","first_name":"lsk","last_name":"lskdjfl","email":"lskdjflk@gmail.com","phone":"3248"}
[2025-09-30 18:04:20] Prepared SQL: UPDATE `suppliers` SET `company_name` = ?, `first_name` = ?, `last_name` = ?, `email` = ?, `phone` = ? WHERE `id` = ? Params: ["lskdjfij","lsk","lskdjfl","lskdjflk@gmail.com","3248","10"]
[2025-09-30 18:04:21] Execute OK. Affected rows: 1
[2025-09-30 18:04:39] Received POST: {"table":"sales","id":"10","item_name":"g","price":"$0.00","quantity":"7656","discount":"65.00%"}
[2025-09-30 18:04:39] Prepared SQL: UPDATE `sales` SET `item_name` = ?, `price` = ?, `quantity` = ?, `discount` = ? WHERE `item_id` = ? Params: ["g","$0.00","7656","65.00%","10"]
[2025-09-30 18:04:39] Execute OK. Affected rows: 1
[2025-09-30 19:01:43] Received POST: {"table":"customers","id":"14","firstName":"l","lastName":"lskdfj","email":"lskdjflk@gmail.com","phone":"97324","total_spent":"2974.00"}
[2025-09-30 19:01:43] Prepared SQL: UPDATE `customers` SET `firstName` = ?, `lastName` = ?, `email` = ?, `phone` = ?, `total_spent` = ? WHERE `id` = ? Params: ["l","lskdfj","lskdjflk@gmail.com","97324","2974.00","14"]
[2025-09-30 19:01:43] Execute OK. Affected rows: 0
[2025-09-30 19:02:09] Received POST: {"table":"suppliers","id":"10","company_name":"lskdjfij","first_name":"lsk","last_name":"lskdjfl","email":"lskdjflk@gmail.com","phone":"3248"}
[2025-09-30 19:02:09] Prepared SQL: UPDATE `suppliers` SET `company_name` = ?, `first_name` = ?, `last_name` = ?, `email` = ?, `phone` = ? WHERE `id` = ? Params: ["lskdjfij","lsk","lskdjfl","lskdjflk@gmail.com","3248","10"]
[2025-09-30 19:02:09] Execute OK. Affected rows: 0
[2025-10-01 09:23:39] Received POST: {"table":"customers","id":"14","firstName":"lkkh","lastName":"lskdfj","email":"lskdjflk@gmail.com","phone":"97324","total_spent":"2974.00"}
[2025-10-01 09:23:39] Prepared SQL: UPDATE `customers` SET `firstName` = ?, `lastName` = ?, `email` = ?, `phone` = ?, `total_spent` = ? WHERE `id` = ? Params: ["lkkh","lskdfj","lskdjflk@gmail.com","97324","2974.00","14"]
[2025-10-01 09:23:39] Execute OK. Affected rows: 1
[2025-10-28 15:51:53] Received POST: {"table":"customers","id":"14","firstName":"lkk","lastName":"lskdfj","email":"lskdjflk@gmail.com","phone":"97324","total_spent":"2974.00"}
[2025-10-28 15:51:53] Prepared SQL: UPDATE `customers` SET `firstName` = ?, `lastName` = ?, `email` = ?, `phone` = ?, `total_spent` = ? WHERE `id` = ? Params: ["lkk","lskdfj","lskdjflk@gmail.com","97324","2974.00","14"]
[2025-10-28 15:51:54] Execute OK. Affected rows: 1
